[Licensing::Module] Trying to connect to existing licensing client channel...
Built from '6000.0/staging' branch; Version is '6000.0.68f1 (e1e9baaf294b) revision 14805434'; Using compiler version '193933523'; Build Type 'Release'
OS: 'Windows 11  (10.0.26200) Professional' Language: 'es' Physical Memory: 48979 MB
[Licensing::IpcConnector] Successfully connected to: "LicenseClient-Windows" at "2026-09-17T22:17:14.0270749Z"
BatchMode: 1, IsHumanControllingUs: 0, StartBugReporterOnCrash: 0, Is64bit: 1
System  architecture: x64
Process architecture: x64
Date: 2026-09-17T22:17:14Z

COMMAND LINE ARGUMENTS:
C:\Program Files\Unity\Hub\Editor\6000.0.68f1\Editor\Unity.exe
-batchmode
-projectPath
E:\projects\TerrainHillDefence
-executeMethod
SetupSceneAndPrefabs.ConfigureAll
-quit
-logFile
E:\projects\TerrainHillDefence\setup.log
Successfully changed project path to: E:\projects\TerrainHillDefence
E:/projects/TerrainHillDefence
[UnityMemory] Configuration Parameters - Can be set up in boot.config
    "memorysetup-bucket-allocator-granularity=16"
    "memorysetup-bucket-allocator-bucket-count=8"
    "memorysetup-bucket-allocator-block-size=33554432"
    "memorysetup-bucket-allocator-block-count=8"
    "memorysetup-main-allocator-block-size=16777216"
    "memorysetup-thread-allocator-block-size=16777216"
    "memorysetup-gfx-main-allocator-block-size=16777216"
    "memorysetup-gfx-thread-allocator-block-size=16777216"
    "memorysetup-cache-allocator-block-size=4194304"
    "memorysetup-typetree-allocator-block-size=2097152"
    "memorysetup-profiler-bucket-allocator-granularity=16"
    "memorysetup-profiler-bucket-allocator-bucket-count=8"
    "memorysetup-profiler-bucket-allocator-block-size=33554432"
    "memorysetup-profiler-bucket-allocator-block-count=8"
    "memorysetup-profiler-allocator-block-size=16777216"
    "memorysetup-profiler-editor-allocator-block-size=1048576"
    "memorysetup-temp-allocator-size-main=16777216"
    "memorysetup-job-temp-allocator-block-size=2097152"
    "memorysetup-job-temp-allocator-block-size-background=1048576"
    "memorysetup-job-temp-allocator-reduction-small-platforms=262144"
    "memorysetup-allocator-temp-initial-block-size-main=262144"
    "memorysetup-allocator-temp-initial-block-size-worker=262144"
    "memorysetup-temp-allocator-size-background-worker=32768"
    "memorysetup-temp-allocator-size-job-worker=262144"
    "memorysetup-temp-allocator-size-preload-manager=33554432"
    "memorysetup-temp-allocator-size-nav-mesh-worker=65536"
    "memorysetup-temp-allocator-size-audio-worker=65536"
    "memorysetup-temp-allocator-size-cloud-worker=32768"
    "memorysetup-temp-allocator-size-gi-baking-worker=262144"
    "memorysetup-temp-allocator-size-gi-baking-worker=262144"
    "memorysetup-temp-allocator-size-gi-baking-worker=262144"
    "memorysetup-temp-allocator-size-gi-baking-worker=262144"
    "memorysetup-temp-allocator-size-gi-baking-worker=262144"
    "memorysetup-temp-allocator-size-gfx=262144"
Player connection [15808]  Target information:

Player connection [15808]  * "[IP] 192.168.1.227 [Port] 55504 [Flags] 2 [Guid] 179809506 [EditorId] 179809506 [Version] 1048832 [Id] WindowsEditor(7,ALEXWING-ROOM) [Debug] 1 [PackageName] WindowsEditor [ProjectName] Editor" 

Player connection [15808]  * "[IP] 172.28.112.1 [Port] 55504 [Flags] 2 [Guid] 179809506 [EditorId] 179809506 [Version] 1048832 [Id] WindowsEditor(7,ALEXWING-ROOM) [Debug] 1 [PackageName] WindowsEditor [ProjectName] Editor" 

Player connection [15808]  * "[IP] 192.168.66.1 [Port] 55504 [Flags] 2 [Guid] 179809506 [EditorId] 179809506 [Version] 1048832 [Id] WindowsEditor(7,ALEXWING-ROOM) [Debug] 1 [PackageName] WindowsEditor [ProjectName] Editor" 

Player connection [15808] Host joined multi-casting on [225.0.0.222:54997]...
Player connection [15808] Host joined alternative multi-casting on [225.0.0.222:34997]...
Input System module state changed to: Initialized.
[Physics::Module] Initialized fallback backend.
[Physics::Module] Id: 0xdecafbad
[Licensing::Client] Code 10 while verifying Licensing Client signature (process Id: 35244, path: "C:/Program Files/Unity Hub/UnityLicensingClient_V1/Unity.Licensing.Client.exe")
[Licensing::Module] LicensingClient has failed validation; ignoring
[Licensing::Client] Handshaking with LicensingClient:
  Version:                 1.18.3+d7ffd15
  Session Id:              69b0a62d85874913843fe9067c3f391e
  Correlation Id:          ffa4df1d05c54c765fb12a10ec1db74d
  External correlation Id: 5456247562095193973
  Machine Id:              XYDLsGG//Qau2q+X4JLlHX+ksbQ=
[Licensing::Module] Successfully connected to LicensingClient on channel: "LicenseClient-Windows" (connect: 0.00s, validation: 0.00s, handshake: 0.03s)
[Licensing::IpcConnector] Successfully connected to: "LicenseClient-Windows-notifications" at "2026-09-17T22:17:14.0582849Z"
[Licensing::Module] Error: Access token is unavailable; failed to update
[Licensing::Client] Successfully resolved entitlement details
[Licensing::Module] License group:
  Id: 339616-UnityPersXXXX
  Product: Unity Personal
  Type: Assigned
  Expiration: Unlimited
[Licensing::Client] Successfully updated license, isAsync: True, time: 0.00
[Licensing::Client] Successfully resolved entitlement details
[Licensing::Module] Licensing Background thread has ended after 0.04s
[Package Manager] Connected to IPC stream "Upm-3340" after 0.2 seconds.
Library Redirect Path: Library/
[Physics::Module] Selected backend.
[Physics::Module] Name: PhysX
[Physics::Module] Id: 0xf2b8ea05
[Physics::Module] SDK Version: 4.1.2
[Physics::Module] Integration Version: 1.0.0
[Physics::Module] Threading Mode: Multi-Threaded
Refreshing native plugins compatible for Editor in 0.05 ms, found 0 plugins.
Preloading 0 native plugins for Editor in 0.00 ms.
Initialize engine version: 6000.0.68f1 (e1e9baaf294b)
[Subsystems] Discovering subsystems at path C:/Program Files/Unity/Hub/Editor/6000.0.68f1/Editor/Data/Resources/UnitySubsystems
[Subsystems] Discovering subsystems at path E:/projects/TerrainHillDefence/Assets
GfxDevice: creating device client; kGfxThreadingModeNonThreaded
Direct3D:
    Version:  Direct3D 11.0 [level 11.1]
    Renderer: NVIDIA GeForce RTX 3060 (ID=0x2504)
    Vendor:   NVIDIA
    VRAM:     12115 MB
    Driver:   32.0.16.1088
Initialize mono
Mono path[0] = 'C:/Program Files/Unity/Hub/Editor/6000.0.68f1/Editor/Data/Managed'
Mono path[1] = 'C:/Program Files/Unity/Hub/Editor/6000.0.68f1/Editor/Data/MonoBleedingEdge/lib/mono/unityjit-win32'
Mono config path = 'C:/Program Files/Unity/Hub/Editor/6000.0.68f1/Editor/Data/MonoBleedingEdge/etc'
Using monoOptions --debugger-agent=transport=dt_socket,embedding=1,server=y,suspend=n,address=127.0.0.1:56340
Using cacheserver namespaces - metadata:defaultmetadata, artifacts:defaultartifacts
Using cacheserver namespaces - metadata:defaultmetadata, artifacts:defaultartifacts
ImportWorker Server TCP listen port: 0
AcceleratorClientConnectionCallback - disconnected - :0
Begin MonoManager ReloadAssembly
Registering precompiled unity dll's ...
Register platform support module: C:/Program Files/Unity/Hub/Editor/6000.0.68f1/Editor/Data/PlaybackEngines/WindowsStandaloneSupport/UnityEditor.WindowsStandalone.Extensions.dll
[Licensing::Client] Successfully resolved entitlement details
Register platform support module: C:/Program Files/Unity/Hub/Editor/6000.0.68f1/Editor/Data/PlaybackEngines/AndroidPlayer/UnityEditor.Android.Extensions.dll
Registered in 0.004261 seconds.
- Loaded All Assemblies, in  0.238 seconds
Native extension for Android target not found
Android Extension - Scanning For ADB Devices 5157 ms
Native extension for WindowsStandalone target not found
Mono: successfully reloaded assembly
- Finished resetting the current domain, in  5.377 seconds
Domain Reload Profiling: 5614ms
	BeginReloadAssembly (77ms)
		ExecutionOrderSort (0ms)
		DisableScriptedObjects (0ms)
		BackupInstance (0ms)
		ReleaseScriptingObjects (0ms)
		CreateAndSetChildDomain (1ms)
	RebuildCommonClasses (21ms)
	RebuildNativeTypeToScriptingClass (7ms)
	initialDomainReloadingComplete (33ms)
	LoadAllAssembliesAndSetupDomain (99ms)
		LoadAssemblies (75ms)
		RebuildTransferFunctionScriptingTraits (0ms)
		AnalyzeDomain (96ms)
			TypeCache.Refresh (95ms)
				TypeCache.ScanAssembly (87ms)
			BuildScriptInfoCaches (0ms)
			ResolveRequiredComponents (0ms)
	FinalizeReload (5377ms)
		ReleaseScriptCaches (0ms)
		RebuildScriptCaches (0ms)
		SetupLoadedEditorAssemblies (5356ms)
			LogAssemblyErrors (0ms)
			InitializePlatformSupportModulesInManaged (5218ms)
			SetLoadedEditorAssemblies (2ms)
			BeforeProcessingInitializeOnLoad (32ms)
			ProcessInitializeOnLoadAttributes (70ms)
			ProcessInitializeOnLoadMethodAttributes (33ms)
			AfterProcessingInitializeOnLoad (0ms)
			EditorAssembliesLoaded (0ms)
		ExecutionOrderSort2 (0ms)
		AwakeInstancesAfterBackupRestoration (0ms)
[Licensing::Client] Successfully resolved entitlement details
Application.AssetDatabase Initial Refresh Start
Package Manager log level set to [2]
[Package Manager] Restoring resolved packages state from cache
[Licensing::Client] Successfully resolved entitlement details
[Package Manager] Registered 42 packages:
  Packages from [https://packages.unity.com]:
    com.unity.postprocessing@3.4.0 (location: E:\projects\TerrainHillDefence\Library\PackageCache\com.unity.postprocessing@026b2a0827a4)
    com.unity.collab-proxy@2.11.3 (location: E:\projects\TerrainHillDefence\Library\PackageCache\com.unity.collab-proxy@e566cd3e7623)
    com.unity.ide.rider@3.0.39 (location: E:\projects\TerrainHillDefence\Library\PackageCache\com.unity.ide.rider@4504839d03f7)
    com.unity.ide.visualstudio@2.0.27 (location: E:\projects\TerrainHillDefence\Library\PackageCache\com.unity.ide.visualstudio@dc1ddd4f09b6)
    com.unity.timeline@1.8.10 (location: E:\projects\TerrainHillDefence\Library\PackageCache\com.unity.timeline@7f8b2fb101b6)
  Built-in packages:
    com.unity.test-framework@1.6.0 (location: E:\projects\TerrainHillDefence\Library\PackageCache\com.unity.test-framework@24afccc4ed24)
    com.unity.ugui@2.0.0 (location: E:\projects\TerrainHillDefence\Library\PackageCache\com.unity.ugui@cec3688a7c38)
    com.unity.modules.ai@1.0.0 (location: E:\projects\TerrainHillDefence\Library\PackageCache\com.unity.modules.ai)
    com.unity.modules.androidjni@1.0.0 (location: E:\projects\TerrainHillDefence\Library\PackageCache\com.unity.modules.androidjni)
    com.unity.modules.animation@1.0.0 (location: E:\projects\TerrainHillDefence\Library\PackageCache\com.unity.modules.animation)
    com.unity.modules.assetbundle@1.0.0 (location: E:\projects\TerrainHillDefence\Library\PackageCache\com.unity.modules.assetbundle)
    com.unity.modules.audio@1.0.0 (location: E:\projects\TerrainHillDefence\Library\PackageCache\com.unity.modules.audio)
    com.unity.modules.cloth@1.0.0 (location: E:\projects\TerrainHillDefence\Library\PackageCache\com.unity.modules.cloth)
    com.unity.modules.director@1.0.0 (location: E:\projects\TerrainHillDefence\Library\PackageCache\com.unity.modules.director)
    com.unity.modules.imageconversion@1.0.0 (location: E:\projects\TerrainHillDefence\Library\PackageCache\com.unity.modules.imageconversion)
    com.unity.modules.imgui@1.0.0 (location: E:\projects\TerrainHillDefence\Library\PackageCache\com.unity.modules.imgui)
    com.unity.modules.jsonserialize@1.0.0 (location: E:\projects\TerrainHillDefence\Library\PackageCache\com.unity.modules.jsonserialize)
    com.unity.modules.nvidia@1.0.0 (location: E:\projects\TerrainHillDefence\Library\PackageCache\com.unity.modules.nvidia)
    com.unity.modules.particlesystem@1.0.0 (location: E:\projects\TerrainHillDefence\Library\PackageCache\com.unity.modules.particlesystem)
    com.unity.modules.physics@1.0.0 (location: E:\projects\TerrainHillDefence\Library\PackageCache\com.unity.modules.physics)
    com.unity.modules.physics2d@1.0.0 (location: E:\projects\TerrainHillDefence\Library\PackageCache\com.unity.modules.physics2d)
    com.unity.modules.screencapture@1.0.0 (location: E:\projects\TerrainHillDefence\Library\PackageCache\com.unity.modules.screencapture)
    com.unity.modules.terrain@1.0.0 (location: E:\projects\TerrainHillDefence\Library\PackageCache\com.unity.modules.terrain)
    com.unity.modules.terrainphysics@1.0.0 (location: E:\projects\TerrainHillDefence\Library\PackageCache\com.unity.modules.terrainphysics)
    com.unity.modules.tilemap@1.0.0 (location: E:\projects\TerrainHillDefence\Library\PackageCache\com.unity.modules.tilemap)
    com.unity.modules.ui@1.0.0 (location: E:\projects\TerrainHillDefence\Library\PackageCache\com.unity.modules.ui)
    com.unity.modules.uielements@1.0.0 (location: E:\projects\TerrainHillDefence\Library\PackageCache\com.unity.modules.uielements)
    com.unity.modules.umbra@1.0.0 (location: E:\projects\TerrainHillDefence\Library\PackageCache\com.unity.modules.umbra)
    com.unity.modules.unityanalytics@1.0.0 (location: E:\projects\TerrainHillDefence\Library\PackageCache\com.unity.modules.unityanalytics)
    com.unity.modules.unitywebrequest@1.0.0 (location: E:\projects\TerrainHillDefence\Library\PackageCache\com.unity.modules.unitywebrequest)
    com.unity.modules.unitywebrequestassetbundle@1.0.0 (location: E:\projects\TerrainHillDefence\Library\PackageCache\com.unity.modules.unitywebrequestassetbundle)
    com.unity.modules.unitywebrequestaudio@1.0.0 (location: E:\projects\TerrainHillDefence\Library\PackageCache\com.unity.modules.unitywebrequestaudio)
    com.unity.modules.unitywebrequesttexture@1.0.0 (location: E:\projects\TerrainHillDefence\Library\PackageCache\com.unity.modules.unitywebrequesttexture)
    com.unity.modules.unitywebrequestwww@1.0.0 (location: E:\projects\TerrainHillDefence\Library\PackageCache\com.unity.modules.unitywebrequestwww)
    com.unity.modules.vehicles@1.0.0 (location: E:\projects\TerrainHillDefence\Library\PackageCache\com.unity.modules.vehicles)
    com.unity.modules.video@1.0.0 (location: E:\projects\TerrainHillDefence\Library\PackageCache\com.unity.modules.video)
    com.unity.modules.vr@1.0.0 (location: E:\projects\TerrainHillDefence\Library\PackageCache\com.unity.modules.vr)
    com.unity.modules.wind@1.0.0 (location: E:\projects\TerrainHillDefence\Library\PackageCache\com.unity.modules.wind)
    com.unity.modules.xr@1.0.0 (location: E:\projects\TerrainHillDefence\Library\PackageCache\com.unity.modules.xr)
    com.unity.modules.subsystems@1.0.0 (location: E:\projects\TerrainHillDefence\Library\PackageCache\com.unity.modules.subsystems)
    com.unity.modules.hierarchycore@1.0.0 (location: E:\projects\TerrainHillDefence\Library\PackageCache\com.unity.modules.hierarchycore)
    com.unity.ext.nunit@2.0.5 (location: E:\projects\TerrainHillDefence\Library\PackageCache\com.unity.ext.nunit@031a54704bff)
[Subsystems] No new subsystems found in resolved package list.
[Package Manager] Done registering packages in 0.02 seconds
[ScriptCompilation] Requested script compilation because: Assetdatabase observed changes in script compilation related files
Starting: C:\Program Files\Unity\Hub\Editor\6000.0.68f1\Editor\Data\bee_backend.exe --ipc --defer-dag-verification --dagfile="Library/Bee/1900b0aEDbg.dag" --continue-on-failure --profile="Library/Bee/backend1.traceevents" ScriptAssemblies
WorkingDir: E:/projects/TerrainHillDefence
DisplayProgressbar: Compiling Scripts
ExitCode: 4 Duration: 0s906ms
Rebuilding DAG because FileSignature timestamp changed: Library/Bee/1900b0aEDbg-inputdata.json
[280/286    0s] Csc Library/Bee/artifacts/1900b0aEDbg.dag/Assembly-CSharp.dll (+2 others)
Assets\Scripts\UI\CameraPostFX.cs(30,37): warning CS0618: 'Object.FindObjectOfType<T>()' is obsolete: 'Object.FindObjectOfType has been deprecated. Use Object.FindFirstObjectByType instead or if finding any instance is acceptable the faster Object.FindAnyObjectByType'

Assets\Scripts\UI\GameInfoPanel.cs(66,29): warning CS0618: 'Object.FindObjectOfType<T>()' is obsolete: 'Object.FindObjectOfType has been deprecated. Use Object.FindFirstObjectByType instead or if finding any instance is acceptable the faster Object.FindAnyObjectByType'

Assets\Scripts\UI\UIController.cs(167,29): warning CS0618: 'Object.FindObjectOfType<T>()' is obsolete: 'Object.FindObjectOfType has been deprecated. Use Object.FindFirstObjectByType instead or if finding any instance is acceptable the faster Object.FindAnyObjectByType'
*** Tundra requires additional run (0.89 seconds), 1 items updated, 279 evaluated
Starting: C:\Program Files\Unity\Hub\Editor\6000.0.68f1\Editor\Data\Tools\netcorerun\netcorerun.exe "C:\Program Files\Unity\Hub\Editor\6000.0.68f1\Editor\Data\Tools\BuildPipeline\ScriptCompilationBuildProgram.exe" "Library/Bee/1900b0aEDbg.dag.json" "Library/Bee/1900b0aEDbg-inputdata.json" "Library\Bee\buildprogram0.traceevents"
WorkingDir: E:/projects/TerrainHillDefence
ExitCode: 0 Duration: 0s177ms
Starting: C:\Program Files\Unity\Hub\Editor\6000.0.68f1\Editor\Data\bee_backend.exe --ipc --defer-dag-verification --dagfile="Library/Bee/1900b0aEDbg.dag" --continue-on-failure --dagfilejson="Library\Bee\1900b0aEDbg.dag.json" --profile="Library/Bee/backend2.traceevents" ScriptAssemblies
WorkingDir: E:/projects/TerrainHillDefence
ExitCode: 0 Duration: 0s315ms
Finished compiling graph: 289 nodes, 3285 flattened edges (3027 ToBuild, 36 ToUse), maximum node priority 160
[200/286    0s] WriteText Library/Bee/artifacts/1900b0aEDbg.dag/Assembly-CSharp-Editor.rsp
[281/286    0s] CopyFiles Library/ScriptAssemblies/Assembly-CSharp.pdb
[282/286    0s] CopyFiles Library/ScriptAssemblies/Assembly-CSharp.dll
[283/286    0s] Csc Library/Bee/artifacts/1900b0aEDbg.dag/Assembly-CSharp-Editor.dll (+2 others)
Assets\Editor\SetupSceneAndPrefabs.cs(213,31): warning CS0618: 'Object.FindObjectOfType<T>()' is obsolete: 'Object.FindObjectOfType has been deprecated. Use Object.FindFirstObjectByType instead or if finding any instance is acceptable the faster Object.FindAnyObjectByType'
[284/286    0s] CopyFiles Library/ScriptAssemblies/Assembly-CSharp-Editor.pdb
[285/286    0s] CopyFiles Library/ScriptAssemblies/Assembly-CSharp-Editor.dll
*** Tundra build success (0.30 seconds), 6 items updated, 286 evaluated
Assets\Editor\SetupSceneAndPrefabs.cs(213,31): warning CS0618: 'Object.FindObjectOfType<T>()' is obsolete: 'Object.FindObjectOfType has been deprecated. Use Object.FindFirstObjectByType instead or if finding any instance is acceptable the faster Object.FindAnyObjectByType'
AssetDatabase: script compilation time: 1.688323s
Begin MonoManager ReloadAssembly
- Loaded All Assemblies, in  0.609 seconds
Start importing Assets/Resources using Guid(442d31de48e812d49a11a87a6273e92a) (DefaultImporter) -> (artifact id: '87ccc5654aae84306b876b3ad55e320d') in 0.0134703 seconds
Start importing Assets/Editor using Guid(0bf3dd439e207da41bfab8b898de2919) (DefaultImporter) -> (artifact id: '5860db6e4cbaea9ec637987fa7c7330a') in 0.0045042 seconds
Refreshing native plugins compatible for Editor in 0.23 ms, found 2 plugins.
Native extension for Android target not found
Native extension for WindowsStandalone target not found
Mono: successfully reloaded assembly
- Finished resetting the current domain, in  0.386 seconds
Domain Reload Profiling: 993ms
	BeginReloadAssembly (224ms)
		ExecutionOrderSort (0ms)
		DisableScriptedObjects (7ms)
		BackupInstance (0ms)
		ReleaseScriptingObjects (0ms)
		CreateAndSetChildDomain (132ms)
	RebuildCommonClasses (22ms)
	RebuildNativeTypeToScriptingClass (7ms)
	initialDomainReloadingComplete (17ms)
	LoadAllAssembliesAndSetupDomain (336ms)
		LoadAssemblies (337ms)
		RebuildTransferFunctionScriptingTraits (0ms)
		AnalyzeDomain (57ms)
			TypeCache.Refresh (44ms)
				TypeCache.ScanAssembly (39ms)
			BuildScriptInfoCaches (10ms)
			ResolveRequiredComponents (2ms)
	FinalizeReload (386ms)
		ReleaseScriptCaches (0ms)
		RebuildScriptCaches (0ms)
		SetupLoadedEditorAssemblies (303ms)
			LogAssemblyErrors (0ms)
			InitializePlatformSupportModulesInManaged (15ms)
			SetLoadedEditorAssemblies (2ms)
			BeforeProcessingInitializeOnLoad (69ms)
			ProcessInitializeOnLoadAttributes (199ms)
			ProcessInitializeOnLoadMethodAttributes (16ms)
			AfterProcessingInitializeOnLoad (3ms)
			EditorAssembliesLoaded (0ms)
		ExecutionOrderSort2 (0ms)
		AwakeInstancesAfterBackupRestoration (4ms)
Start importing Assets/Prefabs/UI/healthLayout.prefab using Guid(2eeb1c78265f5b349979930a16236bfc) (PrefabImporter) -> (artifact id: '906fa9b3c30699f044aaab9d10184035') in 0.0048516 seconds
Refreshing native plugins compatible for Editor in 0.25 ms, found 2 plugins.
Preloading 0 native plugins for Editor in 0.00 ms.
Asset Pipeline Refresh (id=56a04a6d511179c4581c5d4f955cdd04): Total: 3.078 seconds - Initiated by InitialRefreshV2(ForceSynchronousImport)
	Summary:
		Imports: total=3 (actual=3, local cache=0, cache server=0)
		Asset DB Process Time: managed=2 ms, native=566 ms
		Asset DB Callback time: managed=168 ms, native=22 ms
		Scripting: domain reloads=1, domain reload time=609 ms, compile time=1690 ms, other=19 ms
		Project Asset Count: scripts=578, non-scripts=1347
		Asset File Changes: new=3, changed=13, moved=0, deleted=0
		Scan Filter Count: 0
	InvokeCustomDependenciesCallbacks: 0.001ms
	InvokePackagesCallback: 21.715ms
	ApplyChangesToAssetFolders: 0.294ms
	Scan: 71.332ms
	OnSourceAssetsModified: 0.524ms
	CategorizeAssetsWithTransientArtifact: 8.410ms
	ProcessAssetsWithTransientArtifactChanges: 14.066ms
	CategorizeAssets: 8.531ms
	ImportOutOfDateAssets: 414.961ms (-1301.744ms without children)
		ImportManagerImport: 26.516ms (3.120ms without children)
			ImportInProcess: 23.363ms
			UpdateCategorizedAssets: 0.033ms
		CompileScripts: 1689.570ms
		ReloadNativeAssets: 0.001ms
		UnloadImportedAssets: 0.214ms
		ReloadImportedAssets: 0.000ms
		EnsureUptoDateAssetsAreRegisteredWithGuidPM: 0.158ms
		InitializingProgressBar: 0.005ms
		PostProcessAllAssetNotificationsAddChangedAssets: 0.000ms
		OnDemandSchedulerStart: 0.240ms
	PostProcessAllAssets: 168.087ms
	Hotreload: 1.399ms
	GatherAllCurrentPrimaryArtifactRevisions: 0.001ms
	UnloadStreamsBegin: 0.387ms
	PersistCurrentRevisions: 0.076ms
	UnloadStreamsEnd: 0.001ms
	GenerateScriptTypeHashes: 1.195ms
	Untracked: 2368.681ms

Application.AssetDatabase Initial Refresh End
Shader 'WFX/Transparent Specular': fallback shader 'Particles/Alpha Blended' not found
Shader 'WFX/Transparent Diffuse': fallback shader 'Particles/Alpha Blended' not found
Scanning for USB devices : 10.369ms
Initializing Unity extensions:
[MODES] ModeService[none].Initialize
[MODES] ModeService[none].LoadModes
[MODES] Loading mode Default (0) for mode-current-id-TerrainHillDefence
Unloading 24 Unused Serialized files (Serialized files now loaded: 0)
Unloading 1850 unused Assets / (3.6 MB). Loaded Objects now: 2405.
Memory consumption went from 124.7 MB to 121.1 MB.
Total: 4.195100 ms (FindLiveObjects: 0.127400 ms CreateObjectMapping: 0.038700 ms MarkObjects: 3.160800 ms  DeleteObjects: 0.867800 ms)

>>> Starting automated setup of Scene and Prefabs...
UnityEngine.Debug:ExtractStackTraceNoAlloc (byte*,int,string)
UnityEngine.StackTraceUtility:ExtractStackTrace ()
UnityEngine.DebugLogHandler:Internal_Log (UnityEngine.LogType,UnityEngine.LogOption,string,UnityEngine.Object)
UnityEngine.DebugLogHandler:LogFormat (UnityEngine.LogType,UnityEngine.Object,string,object[])
UnityEngine.Logger:Log (UnityEngine.LogType,object)
UnityEngine.Debug:Log (object)
SetupSceneAndPrefabs:ConfigureAll () (at Assets/Editor/SetupSceneAndPrefabs.cs:15)

(Filename: Assets/Editor/SetupSceneAndPrefabs.cs Line: 15)

Loaded scene 'Library/Unused/d9cc26362750d80489ca6f836ae86534'
	Deserialize:            0.223 ms
	Integration:            5.730 ms
	Integration of assets:  0.001 ms
	Thread Wait Time:       0.007 ms
	Total Operation Time:   5.961 ms
Start importing Assets/Prefabs/UI/healthLayout.prefab using Guid(2eeb1c78265f5b349979930a16236bfc) (PrefabImporter) -> (artifact id: 'f44d39b9e264308e8de311c4ca8f8371') in 0.0026564 seconds
Refreshing native plugins compatible for Editor in 0.20 ms, found 2 plugins.
Preloading 0 native plugins for Editor in 0.00 ms.
Asset Pipeline Refresh (id=a838c469f15346c459415aa30ae8a818): Total: 0.041 seconds - Initiated by StopAssetImportingV2(NoUpdateAssetOptions)
HealthLayout.prefab configured successfully.
UnityEngine.Debug:ExtractStackTraceNoAlloc (byte*,int,string)
UnityEngine.StackTraceUtility:ExtractStackTrace ()
UnityEngine.DebugLogHandler:Internal_Log (UnityEngine.LogType,UnityEngine.LogOption,string,UnityEngine.Object)
UnityEngine.DebugLogHandler:LogFormat (UnityEngine.LogType,UnityEngine.Object,string,object[])
UnityEngine.Logger:Log (UnityEngine.LogType,object)
UnityEngine.Debug:Log (object)
SetupSceneAndPrefabs:ConfigureHealthBarPrefab () (at Assets/Editor/SetupSceneAndPrefabs.cs:86)
SetupSceneAndPrefabs:ConfigureAll () (at Assets/Editor/SetupSceneAndPrefabs.cs:17)

(Filename: Assets/Editor/SetupSceneAndPrefabs.cs Line: 86)

Start importing Assets/Resources/healthLayout.prefab using Guid(40d66cd72cfb2174cbe03b4c30cd8c64) (PrefabImporter) -> (artifact id: '068f72b684a69e977d1df8454eff999f') in 0.0059915 seconds
Refreshing native plugins compatible for Editor in 0.29 ms, found 2 plugins.
Preloading 0 native plugins for Editor in 0.00 ms.
Asset Pipeline Refresh (id=9ea1806f3da4b9e47ab95e7ae2cef0ec): Total: 0.018 seconds - Initiated by StopAssetImportingV2(NoUpdateAssetOptions)
Copied healthLayout to Resources/healthLayout.prefab
UnityEngine.Debug:ExtractStackTraceNoAlloc (byte*,int,string)
UnityEngine.StackTraceUtility:ExtractStackTrace ()
UnityEngine.DebugLogHandler:Internal_Log (UnityEngine.LogType,UnityEngine.LogOption,string,UnityEngine.Object)
UnityEngine.DebugLogHandler:LogFormat (UnityEngine.LogType,UnityEngine.Object,string,object[])
UnityEngine.Logger:Log (UnityEngine.LogType,object)
UnityEngine.Debug:Log (object)
SetupSceneAndPrefabs:ConfigureHealthBarPrefab () (at Assets/Editor/SetupSceneAndPrefabs.cs:93)
SetupSceneAndPrefabs:ConfigureAll () (at Assets/Editor/SetupSceneAndPrefabs.cs:17)

(Filename: Assets/Editor/SetupSceneAndPrefabs.cs Line: 93)

Loaded scene 'Library/Unused/57ad4814147a6194ab69e01467020337'
	Deserialize:            4.566 ms
	Integration:            106.680 ms
	Integration of assets:  0.015 ms
	Thread Wait Time:       0.006 ms
	Total Operation Time:   111.266 ms
Start importing Assets/Prefabs/Soldier.prefab using Guid(89906651707b14449b3008b2a12d41c9) (PrefabImporter) -> (artifact id: '6631f5c2d081c125ee6730e48c964b77') in 0.0034185 seconds
Refreshing native plugins compatible for Editor in 0.19 ms, found 2 plugins.
Preloading 0 native plugins for Editor in 0.00 ms.
Asset Pipeline Refresh (id=b9f6b1547f5fecf48904906d176aef85): Total: 0.021 seconds - Initiated by StopAssetImportingV2(NoUpdateAssetOptions)
Soldier.prefab updated with healthBarPrefab.
UnityEngine.Debug:ExtractStackTraceNoAlloc (byte*,int,string)
UnityEngine.StackTraceUtility:ExtractStackTrace ()
UnityEngine.DebugLogHandler:Internal_Log (UnityEngine.LogType,UnityEngine.LogOption,string,UnityEngine.Object)
UnityEngine.DebugLogHandler:LogFormat (UnityEngine.LogType,UnityEngine.Object,string,object[])
UnityEngine.Logger:Log (UnityEngine.LogType,object)
UnityEngine.Debug:Log (object)
SetupSceneAndPrefabs:ConfigureSoldierPrefab () (at Assets/Editor/SetupSceneAndPrefabs.cs:113)
SetupSceneAndPrefabs:ConfigureAll () (at Assets/Editor/SetupSceneAndPrefabs.cs:18)

(Filename: Assets/Editor/SetupSceneAndPrefabs.cs Line: 113)

Loaded scene 'Library/Unused/659b4d8af65731149aa35b42fdc50f76'
	Deserialize:            15.711 ms
	Integration:            5.209 ms
	Integration of assets:  0.193 ms
	Thread Wait Time:       15.501 ms
	Total Operation Time:   36.614 ms
Start importing Assets/Prefabs/UI.prefab using Guid(cdf3c9339dfd0a44f92e5db13f8dc692) (PrefabImporter) -> (artifact id: '284c3e50c0cb449e06bd7694913686ed') in 0.0280488 seconds
Refreshing native plugins compatible for Editor in 0.21 ms, found 2 plugins.
Preloading 0 native plugins for Editor in 0.00 ms.
Asset Pipeline Refresh (id=f5303afc54d42804ead2cd80bcdc1691): Total: 0.059 seconds - Initiated by StopAssetImportingV2(NoUpdateAssetOptions)
UI.prefab updated with mapRawImage reference.
UnityEngine.Debug:ExtractStackTraceNoAlloc (byte*,int,string)
UnityEngine.StackTraceUtility:ExtractStackTrace ()
UnityEngine.DebugLogHandler:Internal_Log (UnityEngine.LogType,UnityEngine.LogOption,string,UnityEngine.Object)
UnityEngine.DebugLogHandler:LogFormat (UnityEngine.LogType,UnityEngine.Object,string,object[])
UnityEngine.Logger:Log (UnityEngine.LogType,object)
UnityEngine.Debug:Log (object)
SetupSceneAndPrefabs:ConfigureUIPrefab () (at Assets/Editor/SetupSceneAndPrefabs.cs:145)
SetupSceneAndPrefabs:ConfigureAll () (at Assets/Editor/SetupSceneAndPrefabs.cs:19)

(Filename: Assets/Editor/SetupSceneAndPrefabs.cs Line: 145)

Opening scene 'Assets/Scenes/TerrainHillDefence.unity'
Unloading 7 Unused Serialized files (Serialized files now loaded: 0)
Launched and connected shader compiler UnityShaderCompiler.exe after 0.01 seconds
Loaded scene 'Assets/Scenes/TerrainHillDefence.unity'
	Deserialize:            17.737 ms
	Integration:            51.653 ms
	Integration of assets:  4.058 ms
	Thread Wait Time:       0.018 ms
	Total Operation Time:   73.466 ms
Unloading 11 unused Assets / (6.3 KB). Loaded Objects now: 6102.
Memory consumption went from 166.2 MB to 166.2 MB.
Total: 3.612500 ms (FindLiveObjects: 0.343800 ms CreateObjectMapping: 0.090300 ms MarkObjects: 3.123800 ms  DeleteObjects: 0.053900 ms)

Disabled legacy MobileBloom on Main Camera.
UnityEngine.Debug:ExtractStackTraceNoAlloc (byte*,int,string)
UnityEngine.StackTraceUtility:ExtractStackTrace ()
UnityEngine.DebugLogHandler:Internal_Log (UnityEngine.LogType,UnityEngine.LogOption,string,UnityEngine.Object)
UnityEngine.DebugLogHandler:LogFormat (UnityEngine.LogType,UnityEngine.Object,string,object[])
UnityEngine.Logger:Log (UnityEngine.LogType,object)
UnityEngine.Debug:Log (object)
SetupSceneAndPrefabs:ConfigureScene () (at Assets/Editor/SetupSceneAndPrefabs.cs:168)
SetupSceneAndPrefabs:ConfigureAll () (at Assets/Editor/SetupSceneAndPrefabs.cs:20)

(Filename: Assets/Editor/SetupSceneAndPrefabs.cs Line: 168)

Configured PostProcessLayer on Main Camera.
UnityEngine.Debug:ExtractStackTraceNoAlloc (byte*,int,string)
UnityEngine.StackTraceUtility:ExtractStackTrace ()
UnityEngine.DebugLogHandler:Internal_Log (UnityEngine.LogType,UnityEngine.LogOption,string,UnityEngine.Object)
UnityEngine.DebugLogHandler:LogFormat (UnityEngine.LogType,UnityEngine.Object,string,object[])
UnityEngine.Logger:Log (UnityEngine.LogType,object)
UnityEngine.Debug:Log (object)
SetupSceneAndPrefabs:ConfigureScene () (at Assets/Editor/SetupSceneAndPrefabs.cs:195)
SetupSceneAndPrefabs:ConfigureAll () (at Assets/Editor/SetupSceneAndPrefabs.cs:20)

(Filename: Assets/Editor/SetupSceneAndPrefabs.cs Line: 195)

Start importing Assets/Scenes/TerrainHillDefence.unity using Guid(9fc0d4010bbf28b4594072e72b8655ab) (DefaultImporter) -> (artifact id: '64058c799661543875b1337acac6518d') in 0.0014426 seconds
Refreshing native plugins compatible for Editor in 0.19 ms, found 2 plugins.
Preloading 0 native plugins for Editor in 0.00 ms.
Asset Pipeline Refresh (id=3687625758c5f8b468aae70db0140081): Total: 0.011 seconds - Initiated by StopAssetImportingV2(NoUpdateAssetOptions)
Saved configured scene: Assets/Scenes/TerrainHillDefence.unity
UnityEngine.Debug:ExtractStackTraceNoAlloc (byte*,int,string)
UnityEngine.StackTraceUtility:ExtractStackTrace ()
UnityEngine.DebugLogHandler:Internal_Log (UnityEngine.LogType,UnityEngine.LogOption,string,UnityEngine.Object)
UnityEngine.DebugLogHandler:LogFormat (UnityEngine.LogType,UnityEngine.Object,string,object[])
UnityEngine.Logger:Log (UnityEngine.LogType,object)
UnityEngine.Debug:Log (object)
SetupSceneAndPrefabs:ConfigureScene () (at Assets/Editor/SetupSceneAndPrefabs.cs:222)
SetupSceneAndPrefabs:ConfigureAll () (at Assets/Editor/SetupSceneAndPrefabs.cs:20)

(Filename: Assets/Editor/SetupSceneAndPrefabs.cs Line: 222)

Asset Pipeline Refresh (id=69a46b53c9f629e4fa4482f0cd6befbb): Total: 0.019 seconds - Initiated by RefreshV2(NoUpdateAssetOptions)
>>> Setup completed successfully!
UnityEngine.Debug:ExtractStackTraceNoAlloc (byte*,int,string)
UnityEngine.StackTraceUtility:ExtractStackTrace ()
UnityEngine.DebugLogHandler:Internal_Log (UnityEngine.LogType,UnityEngine.LogOption,string,UnityEngine.Object)
UnityEngine.DebugLogHandler:LogFormat (UnityEngine.LogType,UnityEngine.Object,string,object[])
UnityEngine.Logger:Log (UnityEngine.LogType,object)
UnityEngine.Debug:Log (object)
SetupSceneAndPrefabs:ConfigureAll () (at Assets/Editor/SetupSceneAndPrefabs.cs:24)

(Filename: Assets/Editor/SetupSceneAndPrefabs.cs Line: 24)

Batchmode quit successfully invoked - shutting down!
Curl error 42: Callback aborted
Killing ADB server in 0,0457464 seconds.
[Physics::Module] Cleanup current backned.
[Physics::Module] Id: 0xf2b8ea05
Input System module state changed to: ShutdownInProgress.
Input System polling thread exited.
Input System module state changed to: Shutdown.
[Licensing::IpcConnector] LicenseClient-Windows-notifications channel disconnected successfully.
[Licensing::IpcConnector] LicenseClient-Windows channel disconnected successfully.
AcceleratorClientConnectionCallback - disconnected - :0
Cleanup mono
Exiting batchmode successfully now!
Exiting without the bug reporter. Application will terminate with return code 0